// Jest Snapshot v1, https://goo.gl/fbAQLP

exports[`Review renders a Review 1`] = `
.c1 {
  background-color: white;
  color: #212529;
  font-family: 'Press Start 2P',monospace;
  font-size: 0.65em;
  font-weight: bold;
  line-height: calc(2 * 1.5em);
  overflow-x: auto;
  padding: 0.5rem 1rem;
  white-space: pre-wrap;
  box-shadow: 0 4px #4d5256,0 -4px #4d5256,4px 0 #4d5256,-4px 0 #4d5256;
  margin: 4px;
}

.c0 {
  background-color: white;
  font-size: 0.5em;
  left: 2em;
  line-height: 1.5em;
  padding: 0 0.5em;
  position: relative;
  top: 1.2em;
  width: -webkit-max-content;
  width: -moz-max-content;
  width: max-content;
}

.c2 {
  display: block;
  width: 100%;
}

.c3 {
  display: -webkit-inline-box;
  display: -webkit-inline-flex;
  display: -ms-inline-flexbox;
  display: inline-flex;
  -webkit-flex-wrap: wrap;
  -ms-flex-wrap: wrap;
  flex-wrap: wrap;
}

.c4 {
  background-color: #c9d68f;
  margin: 0.5em;
  padding: 0 0.5em;
  white-space: nowrap;
}

.c5 {
  background-color: #FFE5A6;
  margin: 0.5em;
  padding: 0 0.5em;
  white-space: nowrap;
}

.c6 {
  background-color: #ffd7cf;
  margin: 0.5em;
  padding: 0 0.5em;
  white-space: nowrap;
}

.c7 {
  margin: 0 1em;
}

<div>
  <article>
    <div
      class="c0"
    >
      8/20/2020
    </div>
    <div
      class="c1"
      type="black"
    >
      <div
        class="c2"
      >
        <div
          class="c3"
        >
          <span
            class="c4"
          >
            General
          </span>
          <span
            class="c5"
          >
            Other
          </span>
          <span
            class="c6"
          >
            Unspecific
          </span>
        </div>
        <hr />
        <div
          class="c7"
        >
          Good, Bad, and Ugly.
        </div>
      </div>
    </div>
  </article>
</div>
`;
